// Jest Snapshot v1, https://goo.gl/fbAQLP

exports[`Transactions component should render the count of trasactions 1`] = `
<div>
  5
   transactions
</div>
`;
